// Jest Snapshot v1, https://goo.gl/fbAQLP

exports[`CompaniesTableComponent should render correctly 1`] = `
<table
  className="table"
>
  <thead>
    <tr>
      <th
        scope="col"
      >
        Found: undefined
      </th>
      <th
        scope="col"
      >
        Company name
      </th>
      <th
        scope="col"
      >
        City
      </th>
      <th
        scope="col"
      >
        Specialty
      </th>
    </tr>
  </thead>
  <tbody>
    <tr
      key="4deccc6a-8f3a-4cf2-bb87-5cf5b1874a11"
    >
      <td>
        <img
          alt="Cubicide"
          className="rounded"
          src="http://placekitten.com/100/100"
        />
      </td>
      <td>
        Cubicide
      </td>
      <td>
        Concho
      </td>
      <td>
        <div
          key="0"
        >
          Excavation
        </div>
        <div
          key="1"
        >
          Electrical
        </div>
      </td>
    </tr>
    <tr
      key="d1ab1c52-3a02-4582-8277-7aafae6a7cd9"
    >
      <td>
        <img
          alt="Diginetic"
          className="rounded"
          src="http://placekitten.com/100/100"
        />
      </td>
      <td>
        Diginetic
      </td>
      <td>
        Iola
      </td>
      <td>
        <div
          key="0"
        >
          Electrical
        </div>
      </td>
    </tr>
    <tr
      key="edae29c1-6afc-42d8-9923-9eb3715c443f"
    >
      <td>
        <img
          alt="Fibrodyne"
          className="rounded"
          src="http://placekitten.com/100/100"
        />
      </td>
      <td>
        Fibrodyne
      </td>
      <td>
        Hachita
      </td>
      <td>
        <div
          key="0"
        >
          Excavation
        </div>
        <div
          key="1"
        >
          Electrical
        </div>
        <div
          key="2"
        >
          Plumbing
        </div>
      </td>
    </tr>
  </tbody>
</table>
`;
